[www.yan-holtz.com/index.html]
[backblue.gif]
[fade.gif]
[index.html]
[www.yan-holtz.com/img/logo/Home_single_small.png]
[www.yan-holtz.com/vendor/bootstrap/css/bootstrap.min.css]
[www.yan-holtz.com/vendor/font-awesome/css/font-awesome.min.css]
[www.yan-holtz.com/css/agency.css]
[unpkg.com/leaflet@1.7.1/dist/leaflet.css]
[unpkg.com/leaflet@1.7.1/dist/leaflet.js]
[www.yan-holtz.com/blog.html]
[www.yan-holtz.com/img/logo/Home_single_big.png]
[www.yan-holtz.com/js/particles.js]
[www.yan-holtz.com/js/appHome.js]
[www.yan-holtz.com/img/team/YH_pic_square.png]
[www.yan-holtz.com/teaching.html]
[www.yan-holtz.com/img/portfolio/UKB_geo.png]
[www.yan-holtz.com/img/portfolio/GenMapComp.png]
[www.yan-holtz.com/img/portfolio/TI4.png]
[www.yan-holtz.com/img/portfolio/como.png]
[www.yan-holtz.com/img/portfolio/Network_Coauthor.png]
[www.yan-holtz.com/blog/dataToViz.html]
[www.yan-holtz.com/img/portfolio/poster_sample.png]
[www.yan-holtz.com/img/portfolio/GreenTech.png]
[www.yan-holtz.com/img/portfolio/Unics.png]
[www.yan-holtz.com/img/portfolio/Crypto.png]
[www.yan-holtz.com/img/portfolio/Surf.png]
[www.yan-holtz.com/img/portfolio/WSSMV.png]
[www.yan-holtz.com/img/portfolio/capture.png]
[www.yan-holtz.com/img/reference/DGouache.png]
[www.yan-holtz.com/img/reference/JDavid.jpg]
[www.yan-holtz.com/img/reference/SGlemin.jpg]
[www.yan-holtz.com/img/reference/JMGrath.jpg]
[www.yan-holtz.com/img/portfolio/ukbGeoDemo.png]
[www.yan-holtz.com/img/portfolio/genmapcomp.jpg]
[www.yan-holtz.com/img/portfolio/como-sankey.png]
[www.yan-holtz.com/img/portfolio/TI1.png]
[www.yan-holtz.com/img/portfolio/researchNet.png]
[www.yan-holtz.com/img/portfolio/GreenTech-screen.png]
[www.yan-holtz.com/img/portfolio/Unics_logo.png]
[www.yan-holtz.com/img/portfolio/unics_screen.png]
[www.yan-holtz.com/img/portfolio/surf_travel.png]
[www.yan-holtz.com/vendor/jquery/jquery.min.js]
[www.yan-holtz.com/vendor/bootstrap/js/bootstrap.bundle.min.js]
[www.yan-holtz.com/vendor/jquery-easing/jquery.easing.min.js]
[www.yan-holtz.com/js/agency.min.js]
[www.yan-holtz.com/js/portfolio.js]
[www.yan-holtz.com/index.html]
[www.yan-holtz.com/vendor/bootstrap/css/bootstrap.min.css]
[d3js.org/d3.v4.min.js]
[www.yan-holtz.com/vendor/font-awesome/fonts/fontawesome-webfont3e6e.eot]
[www.yan-holtz.com/vendor/font-awesome/fonts/fontawesome-webfontd41d.eot]
[www.yan-holtz.com/vendor/font-awesome/fonts/fontawesome-webfont3e6e.woff2]
[www.yan-holtz.com/vendor/font-awesome/fonts/fontawesome-webfont3e6e.woff]
[www.yan-holtz.com/vendor/font-awesome/fonts/fontawesome-webfont3e6e.ttf]
[www.yan-holtz.com/vendor/font-awesome/css/font-awesome.min.css]
[www.yan-holtz.com/vendor/font-awesome/fonts/fontawesome-webfont3e6e.svg]
[www.yan-holtz.com/img/overview_RGG_faded.png]
[www.yan-holtz.com/img/parallax/poster_zoom_fadded.png]
[www.yan-holtz.com/img/parallax/surf_fading.png]
[www.yan-holtz.com/img/map-image.png]
[www.yan-holtz.com/css/agency.css]
[unpkg.com/leaflet@1.7.1/dist/images/layers.png]
[unpkg.com/leaflet@1.7.1/dist/images/layers-2x.png]
[unpkg.com/leaflet@1.7.1/dist/leaflet.css]
[unpkg.com/leaflet@1.7.1/dist/images/marker-icon.png]
[www.yan-holtz.com/index-2.html]
[www.yan-holtz.com/js/app.js]
[www.yan-holtz.com/blog/pimpMyRmd.html]
[www.yan-holtz.com/js/jqBootstrapValidation.js]
[www.yan-holtz.com/js/contact_me.js]
[www.yan-holtz.com/js/tree.js]
[www.yan-holtz.com/blog.html]
[www.yan-holtz.com/PDF/Intro_Dataviz.pdf]
[www.yan-holtz.com/PDF/Dataviz_Caveats.pdf]
[www.yan-holtz.com/img/all/Bad150.png]
[www.yan-holtz.com/PDF/Ggplot2_basic.pdf]
[www.yan-holtz.com/img/all/ggplot.jpg]
[www.yan-holtz.com/PDF/Ggplot2_basicTP.html]
[www.yan-holtz.com/PDF/Ggplot2_advancedTP.html]
[www.yan-holtz.com/img/all/RMD.png]
[www.yan-holtz.com/PDF/Intro_RMarkDown.pdf]
[www.yan-holtz.com/PDF/Intro_Github.pdf]
[www.yan-holtz.com/img/all/github.png]
[www.yan-holtz.com/img/all/Rlogo.jpg]
[www.yan-holtz.com/img/all/Network150.png]
[www.yan-holtz.com/img/all/dplyr.png]
[www.yan-holtz.com/img/all/Interactive150.png]
[www.yan-holtz.com/PDF/Ggplot2_basicTP_correction.html]
[www.yan-holtz.com/teaching.html]
[www.yan-holtz.com/PDF/Ggplot2_advancedTP_correction.html]
[www.yan-holtz.com/blog-2.html]
[www.yan-holtz.com/blog/IMG/datatoviz_logo.png]
[www.yan-holtz.com/blog/libs/jquery-1.11.3/jquery.min.js]
[www.yan-holtz.com/blog/libs/bootstrap-3.3.5/css/lumen.min.css]
[www.yan-holtz.com/blog/libs/bootstrap-3.3.5/js/bootstrap.min.js]
[www.yan-holtz.com/blog/libs/bootstrap-3.3.5/shim/html5shiv.min.js]
[www.yan-holtz.com/blog/libs/bootstrap-3.3.5/shim/respond.min.js]
[www.yan-holtz.com/blog/libs/navigation-1.1/tabsets.js]
[www.yan-holtz.com/blog/libs/navigation-1.1/codefolding.js]
[www.yan-holtz.com/blog/libs/pagedtable-1.1/css/pagedtable.css]
[www.yan-holtz.com/blog/libs/pagedtable-1.1/js/pagedtable.js]
[www.yan-holtz.com/blog/style.css]
[www.yan-holtz.com/blog/IMG/poster_medium.png]
[www.yan-holtz.com/blog/IMG/caveat_gallery_overview.png]
[www.yan-holtz.com/blog/Yan.holtz.data@gmail.com]
[yan-holtz.disqus.com/embed.js]
[www.yan-holtz.com/blog/dataToViz.html]
[cdnjs.cloudflare.com/ajax/libs/font-awesome/4.7.0/css/font-awesome.min.css]
[www.yan-holtz.com/vendor/font-awesome/fonts/fontawesome-webfont3e6e.svg]
[www.yan-holtz.com/img/overview_RGG_faded.html]
[www.yan-holtz.com/img/parallax/surf_fading.html]
[www.yan-holtz.com/img/map-image.html]
[www.yan-holtz.com/index-2.html]
[www.yan-holtz.com/blog/IMG/rmd_logo.jpg]
[www.yan-holtz.com/blog/pimpMyRmd.html]
[www.yan-holtz.com/PDF/Ggplot2_basicTP.html]
[www.yan-holtz.com/PDF/Popover requires tooltip.js]
[www.yan-holtz.com/PDF/GET]
[www.yan-holtz.com/PDF/util/index.html]
[www.yan-holtz.com/PDF/ABCDEFGHIJKLMNOPQRSTUVWXYZabcdefghijklmnopqrstuvwxyz0123456789+/index.html]
[www.yan-holtz.com/PDF/bn.65.delayed]
[www.yan-holtz.com/PDF/lib/thunk.js]
[www.yan-holtz.com/PDF/compile.js]
[www.yan-holtz.com/PDF/es5-ext/string/index.html]
[www.yan-holtz.com/PDF/es5-ext/array/index.html]
[www.yan-holtz.com/PDF/index.html]
[www.yan-holtz.com/PDF/lib/text.js]
[www.yan-holtz.com/PDF/lib/lines.js]
[www.yan-holtz.com/PDF/lib/background.js]
[www.yan-holtz.com/PDF/lib/cube.js]
[www.yan-holtz.com/PDF/lib/ticks.js]
[www.yan-holtz.com/PDF/polytope-closest-point/lib/closest_point_2d.js]
[www.yan-holtz.com/PDF/do-bind.js]
[www.yan-holtz.com/PDF/lib/vao-native.js]
[www.yan-holtz.com/PDF/lib/vao-emulated.js]
[www.yan-holtz.com/PDF/See https_/www.mapbox.com/api-documentation/index.html]
[www.yan-holtz.com/PDF/Gecko/index.html]
[www.yan-holtz.com/PDF/this.tiles,this.scheme]
[www.yan-holtz.com/PDF/doConvert.js]
[www.yan-holtz.com/PDF/lib/compile_sort.js]
[www.yan-holtz.com/PDF/hidden-store.js]
[www.yan-holtz.com/PDF/create-store.js]
[www.yan-holtz.com/PDF/scales.js]
[www.yan-holtz.com/PDF/pad.t]
[www.yan-holtz.com/PDF/is_plain_object.js]
[www.yan-holtz.com/PDF/Tried to setAnnotations before dygraph was ready. Try setting them in a ready() block. See dygraphs.com/tests/annotation.html]
[www.yan-holtz.com/PDF/Africa/Monrovia_MMT LRT GMT_H.8 I.u 0_012_-23Lzg.Q 29s01.m]
[www.yan-holtz.com/PDF/America/Antigua_LMT EST AST_47.c 50 40_012_-2kNvQ.M 1yxAQ.M]
[www.yan-holtz.com/PDF/Asia/Dubai_LMT GST_-3F.c -40_01_-21JfF.c]
[www.yan-holtz.com/PDF/Asia/Kathmandu_LMT IST NPT_-5F.g -5u -5J_012_-21JhF.g 2EGMb.g]
[www.yan-holtz.com/PDF/Indian/Mahe_LMT SCT_-3F.M -40_01_-2yO3F.M]
[www.yan-holtz.com/PDF/Pacific/Gambier_LMT GAMT_8X.M 90_01_-2jof0.c]
[www.yan-holtz.com/PDF/Pacific/Guadalcanal_LMT SBT_-aD.M -b0_01_-2joyD.M]
[www.yan-holtz.com/PDF/Qt/index.html]
[www.yan-holtz.com/teaching-2.html]
[www.yan-holtz.com/PDF/_https_/raw.githubusercontent.com/holtzy/data_to_viz/master/Example_dataset/3_TwoNumOrdered.csv_]
[www.yan-holtz.com/PDF/Ggplot2_advancedTP.html]
[www.yan-holtz.com/PDF/Ggplot2_basicTP_correction.html]
[www.yan-holtz.com/PDF/Ggplot2_advancedTP_correction.html]
[www.yan-holtz.com/blog-2.html]
[www.yan-holtz.com/blog/IMG/datatoviz_logo.html]
[www.yan-holtz.com/blog/libs/bootstrap-3.3.5/css/fonts/SourceSansProLight.ttf]
[www.yan-holtz.com/blog/libs/bootstrap-3.3.5/css/fonts/SourceSansPro.ttf]
[www.yan-holtz.com/blog/libs/bootstrap-3.3.5/css/fonts/SourceSansProBold.ttf]
[www.yan-holtz.com/blog/libs/bootstrap-3.3.5/css/fonts/SourceSansProItalic.ttf]
[www.yan-holtz.com/blog/libs/bootstrap-3.3.5/fonts/glyphicons-halflings-regular.eot]
[www.yan-holtz.com/blog/libs/bootstrap-3.3.5/fonts/glyphicons-halflings-regulard41d.eot]
[www.yan-holtz.com/blog/libs/bootstrap-3.3.5/fonts/glyphicons-halflings-regular.woff]
[www.yan-holtz.com/blog/libs/bootstrap-3.3.5/fonts/glyphicons-halflings-regular.ttf]
[www.yan-holtz.com/blog/libs/bootstrap-3.3.5/css/lumen.min.css]
[www.yan-holtz.com/blog/libs/pagedtable-1.1/css/pagedtable.css]
[www.yan-holtz.com/blog/style.css]
[www.yan-holtz.com/blog/IMG/poster_medium.html]
[www.yan-holtz.com/blog/IMG/caveat_gallery_overview.html]
[www.yan-holtz.com/blog/Yan.holtz.data@gmail.html]
[cdnjs.cloudflare.com/ajax/libs/font-awesome/4.7.0/css/font-awesome.min.css]
[www.yan-holtz.com/PDF/Popover requires tooltip.html]
[www.yan-holtz.com/PDF/GET.html]
[www.yan-holtz.com/PDF/util/index.html]
[www.yan-holtz.com/PDF/ABCDEFGHIJKLMNOPQRSTUVWXYZabcdefghijklmnopqrstuvwxyz0123456789+/index.html]
[www.yan-holtz.com/PDF/bn.html]
[www.yan-holtz.com/PDF/lib/thunk.html]
[www.yan-holtz.com/PDF/compile.html]
[www.yan-holtz.com/PDF/es5-ext/string/index.html]
[www.yan-holtz.com/PDF/es5-ext/array/index.html]
[www.yan-holtz.com/PDF/index.html]
[www.yan-holtz.com/PDF/lib/text.html]
[www.yan-holtz.com/PDF/lib/lines.html]
[www.yan-holtz.com/PDF/lib/background.html]
[www.yan-holtz.com/PDF/lib/cube.html]
[www.yan-holtz.com/PDF/lib/ticks.html]
[www.yan-holtz.com/PDF/polytope-closest-point/lib/closest_point_2d.html]
[www.yan-holtz.com/PDF/do-bind.html]
[www.yan-holtz.com/PDF/lib/vao-native.html]
[www.yan-holtz.com/PDF/lib/vao-emulated.html]
[www.yan-holtz.com/PDF/See https_/www.mapbox.com/api-documentation/index.html]
[www.yan-holtz.com/PDF/Gecko/index.html]
[www.yan-holtz.com/PDF/this.tiles,this.html]
[www.yan-holtz.com/PDF/doConvert.html]
[www.yan-holtz.com/PDF/lib/compile_sort.html]
[www.yan-holtz.com/PDF/hidden-store.html]
[www.yan-holtz.com/PDF/create-store.html]
[www.yan-holtz.com/PDF/scales.html]
[www.yan-holtz.com/PDF/pad.html]
[www.yan-holtz.com/PDF/is_plain_object.html]
[www.yan-holtz.com/PDF/Tried to setAnnotations before dygraph was ready. Try setting them in a ready() block. See dygraphs.com/tests/annotation.html]
[www.yan-holtz.com/PDF/Africa/Monrovia_MMT LRT GMT_H.8 I.u 0_012_-23Lzg.Q 29s01.html]
[www.yan-holtz.com/PDF/America/Antigua_LMT EST AST_47.c 50 40_012_-2kNvQ.M 1yxAQ.html]
[www.yan-holtz.com/PDF/Asia/Dubai_LMT GST_-3F.c -40_01_-21JfF.html]
[www.yan-holtz.com/PDF/Asia/Kathmandu_LMT IST NPT_-5F.g -5u -5J_012_-21JhF.g 2EGMb.html]
[www.yan-holtz.com/PDF/Indian/Mahe_LMT SCT_-3F.M -40_01_-2yO3F.html]
[www.yan-holtz.com/PDF/Pacific/Gambier_LMT GAMT_8X.M 90_01_-2jof0.html]
[www.yan-holtz.com/PDF/Pacific/Guadalcanal_LMT SBT_-aD.M -b0_01_-2joyD.html]
[www.yan-holtz.com/PDF/Qt/index.html]
[www.yan-holtz.com/teaching-2.html]
[www.yan-holtz.com/PDF/_https_/raw.githubusercontent.com/holtzy/data_to_viz/master/Example_dataset/3_TwoNumOrdered.html]
[www.yan-holtz.com/blog/libs/bootstrap-3.3.5/fonts/glyphicons-halflings-regular.svg]
[www.yan-holtz.com/blog/libs/bootstrap-3.3.5/fonts/glyphicons-halflings-regular.svg]
